// Jest Snapshot v1, https://goo.gl/fbAQLP

exports[`Sync generator functions nested 1`] = `
Array [
  "fr/lolo tag1",
  "en/lolo tag1",
  "it/lolo tag1",
  "fr/lolo tag1",
  "en/lolo tag1",
  "it/lolo tag1",
  "fr/lolo tag2",
  "en/lolo tag2",
  "it/lolo tag2",
  "fr/lolo tag2",
  "en/lolo tag2",
  "it/lolo tag2",
  "fr/toto tag1",
  "en/toto tag1",
  "it/toto tag1",
  "fr/toto tag1",
  "en/toto tag1",
  "it/toto tag1",
  "fr/toto tag2",
  "en/toto tag2",
  "it/toto tag2",
  "fr/toto tag2",
  "en/toto tag2",
  "it/toto tag2",
  "fr/fofo tag1",
  "en/fofo tag1",
  "it/fofo tag1",
  "fr/fofo tag1",
  "en/fofo tag1",
  "it/fofo tag1",
  "fr/fofo tag2",
  "en/fofo tag2",
  "it/fofo tag2",
  "fr/fofo tag2",
  "en/fofo tag2",
  "it/fofo tag2",
]
`;

exports[`Sync generator functions nested 2 1`] = `
Array [
  "fr/lolo fr",
  "fr/lolo fr",
  "en/lolo en",
  "en/lolo en",
  "it/lolo it",
  "it/lolo it",
  "fr/toto fr",
  "fr/toto fr",
  "en/toto en",
  "en/toto en",
  "it/toto it",
  "it/toto it",
  "fr/fofo fr",
  "fr/fofo fr",
  "en/fofo en",
  "en/fofo en",
  "it/fofo it",
  "it/fofo it",
]
`;

exports[`Sync generator functions simple 1`] = `
Array [
  "frfr",
  "enen",
  "itit",
]
`;

exports[`Sync generator functions simple 2 1`] = `
Array [
  "fr/lolo/fr",
  "fr/toto/fr",
  "fr/fofo/fr",
  "en/lolo/en",
  "en/toto/en",
  "en/fofo/en",
  "it/lolo/it",
  "it/toto/it",
  "it/fofo/it",
]
`;
